When would you want to use a remote repository rather than keeping all your work
local?
Önce gidip Github ta repz açıyoruz. Ardından git hub ve bizim aramızdaki repz olacak remote repz i için aşağıdaki kmutları giriyoruz

duman (master *) reflections $ git remote (Elinde hangi remote olduğunu gösteriri şu an bış)
duman (master *) reflections $ git remote add origin https://github.com/harpella/reflections.git
duman (master *) reflections $ git remote (Elimizde origin adlı remote olduğunu gösteriyor )
origin
duman (master *) reflections $ git remote -v (to verify URL was added correctly We run this command )
origin	https://github.com/harpella/reflections.git (fetch)
origin	https://github.com/harpella/reflections.git (push)
duman (master *) reflections $ git push origin master
Username for 'https://github.com': harpella
Password for 'https://harpella@github.com': 
Counting objects: 24, done.
Delta compression using up to 4 threads.
Compressing objects: 100% (24/24), done.
Writing objects: 100% (24/24), 4.87 KiB | 0 bytes/s, done.
Total 24 (delta 13), reused 0 (delta 0)
To https://github.com/harpella/reflections.git
 * [new branch]      master -> master
duman (master *) reflections $ 

------
Git hubdan yeni file yaratıp lokale yüklemek

git push origin master
git pull origin master

------

Why might you want to always pull changes manually rather than having Git automatically stay up-to-date with your remote repository?

--------
Forking = Bir repozoriy bira değiştirip başka ad verip ama orginali refere tutmak.Github içinde direk yapabilmek bu işlemi

-----
Describe the differences between forks, clones, and branches. When would you use one instead of another?
----------
lokalde yaptığın ile githubda yani remote yaptığını updatler farklı ise ver merge etmek istiyorsan.İlk önce aşağıdakindeki 1. sıra kodu yazmalısın. Bu sana yeni remotetaki masterın bir kopyasını localdeki master ile merge edilmiş halini verecek

1- duman (master) recipes $ git fetch origin
ardından
duman (master) recipes $ git log origin/master
yada
duman (master) recipes $ git diff origin/master master.

Elinde hem origin/master branch olacak hem de master branch bulunmuş olacak
-duman (master) recipes $ git status
-On branch master
-Your branch and 'origin/master' have diverged,
-and have 1 and 1 different commit each, respectively.
  (use "git pull" to merge the remote branch into yours)

-nothing to commit, working directory clean
--------
ardından 
merge local ile remote masterın merge inden çıkan origin/master ı local master ile bilrleştirmeye geliyor sıra

ve bir conflict oluşuyor manuel olarak dosyayı açıp düzenleme yapılması gerek
****
duman (master) recipes $ git merge master origin/master
Auto-merging chili-recipe.txt
CONFLICT (content): Merge conflict in chili-recipe.txt
Automatic merge failed; fix conflicts and then commit the result.

git fetch origin +  git merge master origin/master = git pull origin master

------

 What is the benefit of having a copy of the last known state of the remote stored locally?






































































